// Jest Snapshot v1, https://goo.gl/fbAQLP

exports[`fizz all factors 1`] = `
Array [
  1,
  2,
  "fizz",
  4,
  "buzz",
  "fizz",
  "hello",
  8,
  "fizz",
  "buzz",
  "goodbye",
  "fizz",
  13,
  "hello",
  "fizzbuzz",
  16,
  17,
  "fizz",
  19,
  "buzz",
  "fizzhello",
  "goodbye",
  23,
  "fizz",
  "buzz",
  26,
  "fizz",
  "hello",
  29,
  "fizzbuzz",
  31,
  32,
  "fizzgoodbye",
  34,
  "buzzhello",
  "fizz",
  37,
  38,
  "fizz",
  "buzz",
  41,
  "fizzhello",
  43,
  "goodbye",
  "fizzbuzz",
  46,
  47,
  "fizz",
  "hello",
  "buzz",
  "fizz",
  52,
  53,
  "fizz",
  "buzzgoodbye",
  "hello",
  "fizz",
  58,
  59,
  "fizzbuzz",
  61,
  62,
  "fizzhello",
  64,
  "buzz",
  "fizzgoodbye",
  67,
  68,
  "fizz",
  "buzzhello",
  71,
  "fizz",
  73,
  74,
  "fizzbuzz",
  76,
  "hellogoodbye",
  "fizz",
  79,
  "buzz",
  "fizz",
  82,
  83,
  "fizzhello",
  "buzz",
  86,
  "fizz",
  "goodbye",
  89,
  "fizzbuzz",
  "hello",
  92,
  "fizz",
  94,
  "buzz",
  "fizz",
  97,
  "hello",
  "fizzgoodbye",
  "buzz",
  101,
  "fizz",
  103,
  104,
  "fizzbuzzhello",
  106,
  107,
  "fizz",
  109,
  "buzzgoodbye",
]
`;
